
> learnova@1.0.0 build
> node --experimental-global-webcrypto node_modules/next/dist/bin/next build

   Γû▓ Next.js 15.5.19

   Creating an optimized production build ...
 Γ£ô (pwa) Compiling for server...
 Γ£ô (pwa) Compiling for server...
 Γ£ô (pwa) Compiling for client (static)...
 Γùï (pwa) Service worker: C:\Users\PC\GSSoC\Learnova\public\sw.js
 Γùï (pwa)   URL: /sw.js
 Γùï (pwa)   Scope: /
 Γ£ô (pwa) Found a custom worker implementation at C:\Users\PC\GSSoC\Learnova\worker\index.js.
 Γ£ô (pwa) Building the custom worker to C:\Users\PC\GSSoC\Learnova\public\worker-5591027d4e2bcf80.js...
 Γùï (pwa) This app will fallback to these precached routes when fetching from the cache and the network fails:
 Γùï (pwa)   Documents (pages): /offline
 Γùï (pwa) Custom runtimeCaching array found, using it instead of the default one.
npm : <w> [webpack.cache.PackFileCacheStrategy/webpack.FileSystemInfo] Parsing 
of C:\Users\PC\GSSoC\Learnova\node_modules\next-intl\dist\esm\production\extrac
tor\format\index.js for build dependencies failed at 'import(t)'.
At line:1 char:1
+ npm run build 2>&1 | tee build-output.log
+ ~~~~~~~~~~~~~~~~~~
    + CategoryInfo          : NotSpecified: (<w> [webpack.ca...at 'import(t)'. 
   :String) [], RemoteException
    + FullyQualifiedErrorId : NativeCommandError
 
<w> Build dependencies behind this expression are ignored and might cause 
incorrect cache invalidation.
<w> [webpack.cache.PackFileCacheStrategy/webpack.FileSystemInfo] Parsing of C:\
Users\PC\GSSoC\Learnova\node_modules\next-intl\dist\esm\production\extractor\fo
rmat\index.js for build dependencies failed at 'import(t)'.
<w> Build dependencies behind this expression are ignored and might cause 
incorrect cache invalidation.
<w> [webpack.cache.PackFileCacheStrategy] Serializing big strings (155kiB) 
impacts deserialization performance (consider using Buffer instead and decode 
when needed)
Failed to compile.

./services/authService.js
Module parse failed: Identifier 'isMockAuthMode' has already been declared 
(8:6)
File was processed with these loaders:
 * ./node_modules/next/dist/build/webpack/loaders/next-flight-client-module-loa
der.js
 * ./node_modules/next/dist/build/webpack/loaders/next-swc-loader.js
You may need an additional loader to handle the result of these loaders.
| const FIREBASE_CONFIG_ERROR = "Firebase is not configured. Please add your 
Firebase environment variables to .env.local and restart the development 
server.";
| // ΓöÇΓöÇΓöÇ Mock Auth Mode (development only) 
ΓöÇΓöÇΓöÇΓöÇΓöÇΓöÇΓöÇΓöÇΓöÇΓöÇΓöÇΓöÇΓöÇΓöÇΓöÇΓöÇΓöÇΓöÇΓöÇΓöÇΓöÇΓöÇΓöÇΓöÇΓöÇΓöÇ
> const isMockAuthMode = "production" === "development" && 
process.env.NEXT_PUBLIC_MOCK_AUTH === "true";
| const MOCK_USER = {
|     uid: "mock-user-001",

Import trace for requested module:
./services/authService.js
./app/auth/page.js


> Build failed because of webpack errors
